---
source: crates/ccusage-terminal/src/title.rs
assertion_line: 80
expression: "lines.join(\"\\n\")"
---

╭────────────────────────────────────────────╮
│                                            │
│  Coding (Agent) CLI Usage Report - Daily   │
│          Detected: Claude, Codex           │
│                                            │
╰────────────────────────────────────────────╯
