---
source: crates/ccusage-terminal/src/table.rs
assertion_line: 465
expression: "table.render_lines().join(\"\\n\")"
---
┌─────────────────────────┬──────────────────────────────────┬───────────┬───────────┬─────────────┐
│ Date                    │ Models                           │     Input │    Output │  Cost (USD) │
├─────────────────────────┼──────────────────────────────────┼───────────┼───────────┼─────────────┤
│ 2026-05-18              │ - claude-sonnet-4                │     1,234 │        56 │       $0.42 │
│                         │ - gpt-5.2-codex                  │           │           │             │
├─────────────────────────┼──────────────────────────────────┼───────────┼───────────┼─────────────┤
│ (assuming cache warmup) │                                  │         0 │         0 │       $0.00 │
├─────────────────────────┼──────────────────────────────────┼───────────┼───────────┼─────────────┤
│ Total                   │                                  │     1,234 │        56 │       $0.42 │
└─────────────────────────┴──────────────────────────────────┴───────────┴───────────┴─────────────┘
