---
source: crates/ccusage-cli/src/tests.rs
expression: "help_text_for_args(&[\"ccusage\".to_string(), \"codex\".to_string(),\n\"daily\".to_string(),])"
---
Show Codex token usage grouped by day

USAGE:
  ccusage codex daily <OPTIONS>

OPTIONS:
  -j, --json                           Output in JSON format (default: false)
  -s, --since <since>                  Filter from date (YYYY-MM-DD or YYYYMMDD)
  -u, --until <until>                  Filter until date (inclusive)
  -z, --timezone <timezone>            Timezone for date grouping (IANA)
  -O, --offline                        Use embedded pricing data (default: false)
  --no-offline                         Negatable of -O, --offline
  --speed [speed]                      Cost speed tier: auto reads Codex config.toml service_tier; use standard or fast to override (default: auto, choices: auto | standard | fast)
  --compact                            Force compact table layout for narrow terminals (default: false)
  --color                              Enable colored output. FORCE_COLOR=1 has the same effect. (default: auto)
  --no-color                           Disable colored output. NO_COLOR=1 has the same effect. (default: auto)
  --config <config>                    Path to configuration file (default: auto-discovery)
  -h, --help                           Display this help message
  -v, --version                        Display this version
